// Vitest Snapshot v1, https://vitest.dev/guide/snapshot.html

exports[`Pairwise > should be able to do pairwise on simple array 1`] = `
[
  [
    1,
    2,
  ],
  [
    2,
    3,
  ],
  [
    3,
    4,
  ],
  [
    4,
    5,
  ],
]
`;

exports[`Pairwise should be able to do pairwise on simple array 1`] = `
[
  [
    1,
    2,
  ],
  [
    2,
    3,
  ],
  [
    3,
    4,
  ],
  [
    4,
    5,
  ],
]
`;

exports[`Triplewise > should be able to do triplewise on simple array 1`] = `
[
  [
    1,
    2,
    3,
  ],
  [
    2,
    3,
    4,
  ],
  [
    3,
    4,
    5,
  ],
]
`;

exports[`Triplewise should be able to do triplewise on simple array 1`] = `
[
  [
    1,
    2,
    3,
  ],
  [
    2,
    3,
    4,
  ],
  [
    3,
    4,
    5,
  ],
]
`;
